
> gym2-app@0.1.0 build
> next build

Γû▓ Next.js 16.1.6 (Turbopack)
- Environments: .env.local

node.exe : ΓÜá The "middleware" file convention is 
deprecated. Please use "proxy" instead. Learn more: 
https://nextjs.org/docs/messages/middleware-to-proxy
At line:1 char:1
+ & "C:\Program Files\nodejs/node.exe" "C:\Program 
Files\nodejs/node_mo ...
+ ~~~~~~~~~~~~~~~~~~~~~~~~~~~~~~~~~~~~~~~~~~~~~~~~~~~~~~
~~~~~~~~~~~~~~~
    + CategoryInfo          : NotSpecified: (ΓÜá The "m 
   iddle...leware-to-proxy:String) [], RemoteException
    + FullyQualifiedErrorId : NativeCommandError
 
  Creating an optimized production build ...

> Build error occurred
Error: Turbopack build failed with 1 errors:
./src/components/nutrition/MealLoggerModal.tsx:226:1
Parsing ecmascript source code failed
[0m [90m 224 |[39m [32m    );[39m
 [90m 225 |[39m [32m}[39m
[31m[1m>[22m[39m[90m 226 |[39m [32m[39m
 [90m     |[39m [31m[1m^[22m[39m[0m

Expected '</', got '<eof>'

Import traces:
  Client Component Browser:
    ./src/components/nutrition/MealLoggerModal.tsx 
[Client Component Browser]
    ./src/components/nutrition/NutritionDashboard.tsx 
[Client Component Browser]
    ./src/app/dashboard/page.tsx [Client Component 
Browser]
    ./src/app/dashboard/page.tsx [Server Component]

  Client Component SSR:
    ./src/components/nutrition/MealLoggerModal.tsx 
[Client Component SSR]
    ./src/components/nutrition/NutritionDashboard.tsx 
[Client Component SSR]
    ./src/app/dashboard/page.tsx [Client Component SSR]
    ./src/app/dashboard/page.tsx [Server Component]


    at <unknown> 
(./src/components/nutrition/MealLoggerModal.tsx:226:1)
