Γû▓ Next.js 16.1.6 (Turbopack)
- Environments: .env.local

node.exe : ΓÜá The "middleware" file convention is 
deprecated. Please use "proxy" instead. Learn more: 
https://nextjs.org/docs/messages/middleware-to-proxy
At line:1 char:1
+ & "C:\Program Files\nodejs/node.exe" "C:\Program 
Files\nodejs/node_mo ...
+ ~~~~~~~~~~~~~~~~~~~~~~~~~~~~~~~~~~~~~~~~~~~~~~~~~~~~~~
~~~~~~~~~~~~~~~
    + CategoryInfo          : NotSpecified: (ΓÜá The "m 
   iddle...leware-to-proxy:String) [], RemoteException
    + FullyQualifiedErrorId : NativeCommandError
 
  Creating an optimized production build ...
Γ£ô Compiled successfully in 8.8s
  Running TypeScript ...
Failed to compile.

./src/components/MessageBubble.tsx:41:33
Type error: Type '{ children: string; remarkPlugins: 
((options?: Options | null | undefined) => 
undefined)[]; rehypePlugins: ((options?: Schema | null 
| undefined) => (tree: Root) => Root)[]; className: 
string; components: { ...; }; }' is not assignable to 
type 'IntrinsicAttributes & Readonly<Options>'.
  Property 'className' does not exist on type 
'IntrinsicAttributes & Readonly<Options>'.

[0m [90m 39 |[39m                                 
remarkPlugins[33m=[39m{[remarkGfm]}
 [90m 40 |[39m                                 
rehypePlugins[33m=[39m{[rehypeSanitize]}
[31m[1m>[22m[39m[90m 41 |[39m                     
            
className[33m=[39m[32m"styled-markdown"[39m
 [90m    |[39m                                 
[31m[1m^[22m[39m
 [90m 42 |[39m                                 
components[33m=[39m{{
 [90m 43 |[39m                                     
p[33m:[39m ({ node[33m,[39m [33m...[39mprops 
}[33m:[39m any) [33m=>[39m [33m<[39m[33mp[39m 
className[33m=[39m[32m"mb-2 last:mb-0 
leading-relaxed text-[14px]"[39m {[33m...[39mprops} 
[33m/[39m[33m>[39m[33m,[39m
 [90m 44 |[39m                                     
strong[33m:[39m ({ node[33m,[39m [33m...[39mprops 
}[33m:[39m any) [33m=>[39m 
[33m<[39m[33mstrong[39m 
className[33m=[39m[32m"font-semibold 
text-emerald-300"[39m {[33m...[39mprops} 
[33m/[39m[33m>[39m[33m,[39m[0m
Next.js build worker exited with code: 1 and signal: 
null
